// Vitest Snapshot v1, https://vitest.dev/guide/snapshot.html

exports[`lifebook canonical test chart > 四宮敘事（baseline + Stage1–3）與快照一致 1`] = `
"# 共用測試命盤輸出（lifebook-canonical-test-v1）

- **chartId**: \`lifebook-canonical-test-v1\`
- **mingSoulBranch**: \`子\`（預期：子 → relational）

---

### A. Behavior flags 全關（baseline）

#### 命宮

\`\`\`
你是怎麼一路走到現在的（命宮）

【斷語】

你可講可辯，但常因心防高而保留真實想法，不輕易全盤揭露。

【想先問你】

- 你是不是常常在事情還沒明朗前，心裡就已經先預想過一輪又一輪最壞的版本？
- 你真正守的，可能不是結果本身，而是不要讓自己再次失去安全感。

【鏡像】

你以為自己只是你很在意事情到底是不是這樣，也容易從溝通、資……其實更深的，是容易把求真變成求勝，或在誤解與爭論裡消耗自己。


【星曜結構解析】

🔹 主定調星

巨門＋天機

巨門：代表觀點、溝通、辯證與理解真相。

補充一句：妳為什麼總覺得世界有陰影？因為妳天生自帶觀察與懷疑。妳的口才是武器，也是禍根。

天機：代表思考、策略、變化與判斷。

補充一句：妳為什麼停不下來？因為妳的大腦是一台超載的電腦。妳聰明、敏感，但也因為想太多而自尋煩惱。

👉 組合起來，這兩顆主星形塑了你「自我結構」的主軸：你怎麼解讀自己、怎麼對外站穩，都從這裡出發。

【這一宮的核心結構】

你的人格核心是高敏銳思考與策略反應，擅長找解法與看機會。 你的人格是高防禦與高辨識，重邏輯、重觀點、重資訊真偽。這條線，現在主要由天機、巨門帶著你走。

【你會怎麼做決策】

- （定調主星｜巨門）你習慣先質疑與求證，確認邏輯閉環後才會真正採信。
- （共軸主星｜天機）你會反覆比較方案、辯論可行性，但容易在主線未定時頻繁轉向。

【這一宮的真實運作】

- 日常運作中，重點會落在「壓力下的變化與平常維持自己的方式」。
- 「天機」常表現在容易想太多、改太快，或一直優化卻遲遲不落地。
- 「巨門」常表現在容易把求真變成求勝，或在誤解與爭論裡消耗自己。

【最容易踩的坑】

- 你最大的風險往往不是做錯判斷，而是心裡一不安，就先把自己的觸角收回——前景未必不行，只是你更不敢在沒站穩時伸手。
- 「天機」會放大容易想太多、改太快，或一直優化卻遲遲不落地。

【轉個念，力就出來】

這不代表你軟弱，而是你把「先穩住心」看得比「先出手」更優先。

挑一件你正在拖的事，只寫兩行：若不做，你怕什麼；若做了，你怕什麼。


【相關牽動】

你的「自我結構」，會直接影響你怎麼賺錢、怎麼做事，以及你在外面的發展方式。
命宮與財帛宮、官祿宮、遷移宮形成三方四正，彼此牽動。
\`\`\`

#### 福德宮

\`\`\`
你潛意識是怎麼運作的（福德宮）

【斷語】

你很在意事情做起來舒不舒服、關係穩不穩、內在安不安全，落在日常裡常變成：容易因為想維持和諧而延後面對現實，或在安穩與改變之間拉扯。

【想先問你】

- 你是不是常常在「腦內活動與能量恢復方式」還沒被你看清前，就先做出反應？
- 若把「你最在意的」跟「你其實在躲的」各寫一行，會長什麼樣子？

【鏡像】

你以為自己只是在應對眼前事，其實更深的，是容易因為想維持和諧而延後面對現實，或在安穩與改變之間拉扯。


【星曜結構解析】

🔹 主定調星

天同＋天梁

天同：代表情緒、安全感與舒適節奏。

天同在福德：內在**善良、富同情心與浪漫**。行為上易**迷糊、忘東忘西**「拉東拉西」，帶福氣感亦可帶小烏龍。若命宮主星極強勢，外在作風會壓過福德里柔軟；但仍會留一塊**心底極軟、易感動**的自留地，須命福合參。

外人看到的是你的風格，你自己更清楚反覆上場的是：容易因為想維持和諧而延後面對現實，或在安穩與改變之間拉扯；而你的起點往往來自你很在意事情做起來舒不舒服、關係穩不穩、內在安不安全。

天梁：代表保護、價值感、道德判斷與承擔。

天梁在福德：思考與做事**極講邏輯**，看不下別人做事不合邏輯就忍不住批判，因而顯得**嘮叨、愛說教**；心裡像內建監察官，宜學著把糾錯留給「可溝通的人」。

在「精神與休息」與「情緒、內在狀態與精神能量」交會的地方，你很容易去照顧、保護或支撐別人，也在意事情對不對、值不值得常常兌現成具體摩擦：容易把自己放在拯救者位置，最後變成過度負責。

👉 組合起來，這兩顆主星形塑了你在「精神與休息」上的主軸：你怎麼補給、怎麼回到自己，都從這裡出發。

【這一宮的核心結構】

你的核心主軸是「你如何休息、消化並回到自己」，目前由天同、天梁共同定調。

【你會怎麼做決策】

- 做決策時，會把重心放在「先處理情緒或先處理事情的偏好」；其中「天同」讓你更傾向「你很在意事情做起來舒不舒服、關係穩不穩、內在安不安全。」。
- 做決策時，會把重心放在「先處理情緒或先處理事情的偏好」；其中「天梁」讓你更傾向「你很容易去照顧、保護或支撐別人，也在意事情對不對、值不值得。」。

【這一宮的真實運作】

- 日常運作中，重點會落在「腦內活動與能量恢復方式」。
- 「天同」常表現在容易因為想維持和諧而延後面對現實，或在安穩與改變之間拉扯。
- 「天梁」常表現在容易把自己放在拯救者位置，最後變成過度負責。

【最容易踩的坑】

- 最常見的坑，是「空轉、想太多與休息失效」。其中：
- 「天梁」會放大容易把自己放在拯救者位置，最後變成過度負責。

【轉個念，力就出來】

這不代表你錯，而是你在「你如何休息、消化並回到自己」裡，往往先把穩定感放在最前面。

把與「先處理情緒或先處理事情的偏好」有關的一件事，寫成一個本週可完成的最小步驟。


【相關牽動】

福德宮與夫妻宮、遷移宮、財帛宮形成三方四正，彼此牽動。
\`\`\`

#### 財帛宮

\`\`\`
金錢節奏與資源取捨（財帛宮）

【斷語】

賺得到也常繳得出、捐得起，帳上巨額堆疊感未必強；要把錢留大，需靠運勢與其他星曜補位。

【想先問你】

- 你是不是常常在帳戶數字還沒動之前，心裡就先預演過一輪「最壞會怎麼賠」？
- 你真正守的，可能不是錢本身，而是不要讓自己再次失去安全感。

【鏡像】

你以為自己只是在選擇花不花，其實更深的，是容易為了顧全局而壓抑自己，或過度依賴規則感。


【星曜結構解析】

🔹 主定調星

天相

天相：代表平衡、秩序、協調與制度感。

財運平穩，收入多來自專業技能、服務業或長期穩定的行政管理。理財傾向保守規律，不喜冒險投機。常因建立良好信用而獲得獲利機會。

在「金錢與資源」與「金錢、資源配置與投入回報」交會的地方，你很在意公平不公平、規則穩不穩、事情有沒有被安排好常常兌現成具體摩擦：容易為了顧全局而壓抑自己，或過度依賴規則感。

👉 這顆主星形塑了你在「金錢與資源」上的主軸：你怎麼進出、怎麼守成，從這裡出發。

【這一宮的核心結構】

你的核心主軸是「現金流、風險承受、進出節奏與守破財機制」，目前由天相共同定調。

【你會怎麼做決策】

- （定調主星｜天相）天相不算大財星坐庫；理財偏斯文秩序，但不自帶「暴發式聚寶盆」特質。若命宮反而是天相、財帛走天府的對照組，與「天相在財帛」的聚財手感不同。
- 你會優先選擇可長期穩定的做法。

【這一宮的真實運作】

- 賺得到也常繳得出、捐得起，帳上巨額堆疊感未必強；要把錢留大，需靠運勢與其他星曜補位。

【最容易踩的坑】

- 容易把穩定感變成控制感。
- 容易顧結構卻忽略感受。

【轉個念，力就出來】

這不代表你不會理財，而是你把「先穩住心」看得比「先出手」更優先。

寫下這週三筆最大支出：哪些是「必要」、哪些是「買安心」——只標記，不批判。


【相關牽動】

財帛宮與官祿宮、命宮、福德宮形成三方四正，彼此牽動。
\`\`\`

#### 夫妻宮

\`\`\`
親密關係與長期承諾（夫妻宮）

【斷語】

你很看重內在感受，也容易先從情緒與氛圍感知世界，落在關係裡常變成：容易受氛圍影響，或把很多話放在心裡不說。

【想先問你】

- 你是不是常常在關係裡先顧對方的感受，才回頭問自己：那我呢？
- 你真正守的，可能不是這段關係本身，而是不要再次面對失控感。

【鏡像】

你以為自己只是在磨合，其實更深的，是容易受氛圍影響，或把很多話放在心裡不說。


【星曜結構解析】

🔹 主定調星

太陰＋天梁

太陰：代表感受、內在需求、情感與細膩觀察。

太陰在夫妻：配偶帶**媽媽／成熟女性**底色，思想**穩重顧家**，可能年長或心理年齡較成熟；**外柔內剛**，重心常放在家庭與子女照顧。

在「伴侶與合夥」與「親密關係與一對一合作」交會的地方，你很看重內在感受，也容易先從情緒與氛圍感知世界常常兌現成具體摩擦：容易受氛圍影響，或把很多話放在心裡不說。

天梁：代表保護、價值感、道德判斷與承擔。

天梁在夫妻：配偶思想**老成穩重**（或實際年紀較長），做事講**邏輯條理**；互動上**愛嘮叨、愛說教**—當覺得妳「不合邏輯」就開講。聽重點、給進度回報，比硬槓有效。

在「伴侶與合夥」與「親密關係與一對一合作」交會的地方，你很容易去照顧、保護或支撐別人，也在意事情對不對、值不值得常常兌現成具體摩擦：容易把自己放在拯救者位置，最後變成過度負責。

👉 組合起來，這兩顆主星形塑了你在「伴侶與合夥」上的主軸：你怎麼靠近、怎麼承諾，都從這裡出發。

🔹 其他星曜

文昌：代表邏輯、規劃與細節。

【這一宮的核心結構】

你的核心主軸是「你如何建立親密關係與長期承諾」，目前由太陰、天梁共同定調。

【你會怎麼做決策】

- （定調主星｜太陰）你很看重內在感受，也容易先從情緒與氛圍感知世界。
- （共軸主星｜天梁）你很容易去照顧、保護或支撐別人，也在意事情對不對、值不值得。
- 做決策時，會把重心放在「感情與現實之間的取捨方式」；其中「太陰」讓你更傾向「你很看重內在感受，也容易先從情緒與氛圍感知世界。」。

【這一宮的真實運作】

- 日常運作中，重點會落在「相處模式與衝突處理節奏」。
- 「太陰」常表現在容易受氛圍影響，或把很多話放在心裡不說。
- 「天梁」常表現在容易把自己放在拯救者位置，最後變成過度負責。

【最容易踩的坑】

- 最常見的坑，是「投射、權力失衡與情感消耗」。其中：
- 「天梁」會放大容易把自己放在拯救者位置，最後變成過度負責。

【轉個念，力就出來】

這不代表你難搞，而是你把「連結」看得比「邊界」更早出手。

挑一件你最近又在忍的點，只寫一句：「我需要被看見的是…」。


【相關牽動】

夫妻宮與遷移宮、福德宮、官祿宮形成三方四正，彼此牽動。
\`\`\`

---

### B. Stage1 — behaviorAxisV1

#### 命宮

\`\`\`
你是怎麼一路走到現在的（命宮）

【斷語】

你可講可辯，但常因心防高而保留真實想法，不輕易全盤揭露。

【想先問你】

- 你是不是常常在事情還沒明朗前，心裡就已經先預想過一輪又一輪最壞的版本？
- 你真正守的，可能不是結果本身，而是不要讓自己再次失去安全感。

【鏡像】

你以為自己只是你很在意事情到底是不是這樣，也容易從溝通、資……其實更深的，是容易把求真變成求勝，或在誤解與爭論裡消耗自己。


【星曜結構解析】

🔹 主定調星

巨門＋天機

巨門：代表觀點、溝通、辯證與理解真相。

補充一句：妳為什麼總覺得世界有陰影？因為妳天生自帶觀察與懷疑。妳的口才是武器，也是禍根。

天機：代表思考、策略、變化與判斷。

補充一句：妳為什麼停不下來？因為妳的大腦是一台超載的電腦。妳聰明、敏感，但也因為想太多而自尋煩惱。

👉 組合起來，這兩顆主星形塑了你「自我結構」的主軸：你怎麼解讀自己、怎麼對外站穩，都從這裡出發。

【這一宮的核心結構】

你的人格核心是高敏銳思考與策略反應，擅長找解法與看機會。 你的人格是高防禦與高辨識，重邏輯、重觀點、重資訊真偽。這條線，現在主要由天機、巨門帶著你走。

【你會怎麼做決策】

- （定調主星｜巨門）你習慣先質疑與求證，確認邏輯閉環後才會真正採信。
- （共軸主星｜天機）你會反覆比較方案、辯論可行性，但容易在主線未定時頻繁轉向。

【這一宮的真實運作】

- 日常運作中，重點會落在「壓力下的變化與平常維持自己的方式」。
- 「天機」常表現在容易想太多、改太快，或一直優化卻遲遲不落地。
- 「巨門」常表現在容易把求真變成求勝，或在誤解與爭論裡消耗自己。

【最容易踩的坑】

- 你最大的風險往往不是做錯判斷，而是心裡一不安，就先把自己的觸角收回——前景未必不行，只是你更不敢在沒站穩時伸手。
- 「天機」會放大容易想太多、改太快，或一直優化卻遲遲不落地。

【轉個念，力就出來】

這不代表你軟弱，而是你把「先穩住心」看得比「先出手」更優先。

挑一件你正在拖的事，只寫兩行：若不做，你怕什麼；若做了，你怕什麼。


【相關牽動】

你的「自我結構」，會直接影響你怎麼賺錢、怎麼做事，以及你在外面的發展方式。
命宮與財帛宮、官祿宮、遷移宮形成三方四正，彼此牽動。
\`\`\`

#### 福德宮

\`\`\`
你潛意識是怎麼運作的（福德宮）

【斷語】

你很在意事情做起來舒不舒服、關係穩不穩、內在安不安全，落在日常裡常變成：容易因為想維持和諧而延後面對現實，或在安穩與改變之間拉扯。

【想先問你】

- 你是不是常常在「腦內活動與能量恢復方式」還沒被你看清前，就先做出反應？
- 若把「你最在意的」跟「你其實在躲的」各寫一行，會長什麼樣子？

【鏡像】

你以為自己只是在應對眼前事，其實更深的，是容易因為想維持和諧而延後面對現實，或在安穩與改變之間拉扯。


【星曜結構解析】

🔹 主定調星

天同＋天梁

天同：代表情緒、安全感與舒適節奏。

天同在福德：內在**善良、富同情心與浪漫**。行為上易**迷糊、忘東忘西**「拉東拉西」，帶福氣感亦可帶小烏龍。若命宮主星極強勢，外在作風會壓過福德里柔軟；但仍會留一塊**心底極軟、易感動**的自留地，須命福合參。

外人看到的是你的風格，你自己更清楚反覆上場的是：容易因為想維持和諧而延後面對現實，或在安穩與改變之間拉扯；而你的起點往往來自你很在意事情做起來舒不舒服、關係穩不穩、內在安不安全。

天梁：代表保護、價值感、道德判斷與承擔。

天梁在福德：思考與做事**極講邏輯**，看不下別人做事不合邏輯就忍不住批判，因而顯得**嘮叨、愛說教**；心裡像內建監察官，宜學著把糾錯留給「可溝通的人」。

在「精神與休息」與「情緒、內在狀態與精神能量」交會的地方，你很容易去照顧、保護或支撐別人，也在意事情對不對、值不值得常常兌現成具體摩擦：容易把自己放在拯救者位置，最後變成過度負責。

👉 組合起來，這兩顆主星形塑了你在「精神與休息」上的主軸：你怎麼補給、怎麼回到自己，都從這裡出發。

【這一宮的核心結構】

你的核心主軸是「你如何休息、消化並回到自己」，目前由天同、天梁共同定調。

【你會怎麼做決策】

- 做決策時，會把重心放在「先處理情緒或先處理事情的偏好」；其中「天同」讓你更傾向「你很在意事情做起來舒不舒服、關係穩不穩、內在安不安全。」。
- 做決策時，會把重心放在「先處理情緒或先處理事情的偏好」；其中「天梁」讓你更傾向「你很容易去照顧、保護或支撐別人，也在意事情對不對、值不值得。」。
- 做決策時，會把重心放在「先處理情緒或先處理事情的偏好」；其中「天同」讓你更傾向「你很在意事情做起來舒不舒服、關係穩不穩、內在安不安全。」。 你很少只看事情本身，也會同時評估人與關係

【這一宮的真實運作】

- 日常運作中，重點會落在「腦內活動與能量恢復方式」。
- 「天同」常表現在容易因為想維持和諧而延後面對現實，或在安穩與改變之間拉扯。
- 「天梁」常表現在容易把自己放在拯救者位置，最後變成過度負責。

【最容易踩的坑】

- 最常見的坑，是「空轉、想太多與休息失效」。其中：
- 「天梁」會放大容易把自己放在拯救者位置，最後變成過度負責。

【轉個念，力就出來】

這不代表你錯，而是你在「你如何休息、消化並回到自己」裡，往往先把穩定感放在最前面。

把與「先處理情緒或先處理事情的偏好」有關的一件事，寫成一個本週可完成的最小步驟。


【相關牽動】

福德宮與夫妻宮、遷移宮、財帛宮形成三方四正，彼此牽動。
\`\`\`

#### 財帛宮

\`\`\`
金錢節奏與資源取捨（財帛宮）

【斷語】

賺得到也常繳得出、捐得起，帳上巨額堆疊感未必強；要把錢留大，需靠運勢與其他星曜補位。

【想先問你】

- 你是不是常常在帳戶數字還沒動之前，心裡就先預演過一輪「最壞會怎麼賠」？
- 你真正守的，可能不是錢本身，而是不要讓自己再次失去安全感。

【鏡像】

你以為自己只是在選擇花不花，其實更深的，是容易為了顧全局而壓抑自己，或過度依賴規則感。


【星曜結構解析】

🔹 主定調星

天相

天相：代表平衡、秩序、協調與制度感。

財運平穩，收入多來自專業技能、服務業或長期穩定的行政管理。理財傾向保守規律，不喜冒險投機。常因建立良好信用而獲得獲利機會。

在「金錢與資源」與「金錢、資源配置與投入回報」交會的地方，你很在意公平不公平、規則穩不穩、事情有沒有被安排好常常兌現成具體摩擦：容易為了顧全局而壓抑自己，或過度依賴規則感。

👉 這顆主星形塑了你在「金錢與資源」上的主軸：你怎麼進出、怎麼守成，從這裡出發。

【這一宮的核心結構】

你的核心主軸是「現金流、風險承受、進出節奏與守破財機制」，目前由天相共同定調。

【你會怎麼做決策】

- （定調主星｜天相）天相不算大財星坐庫；理財偏斯文秩序，但不自帶「暴發式聚寶盆」特質。若命宮反而是天相、財帛走天府的對照組，與「天相在財帛」的聚財手感不同。
- 天相不算大財星坐庫；理財偏斯文秩序，但不自帶「暴發式聚寶盆」特質。若命宮反而是天相、財帛走天府的對照組，與「天相在財帛」的聚財手感不同。 你很少只看事情本身，也會同時評估人與關係

【這一宮的真實運作】

- 賺得到也常繳得出、捐得起，帳上巨額堆疊感未必強；要把錢留大，需靠運勢與其他星曜補位。

【最容易踩的坑】

- 容易把穩定感變成控制感。
- 容易顧結構卻忽略感受。

【轉個念，力就出來】

這不代表你不會理財，而是你把「先穩住心」看得比「先出手」更優先。

寫下這週三筆最大支出：哪些是「必要」、哪些是「買安心」——只標記，不批判。


【相關牽動】

財帛宮與官祿宮、命宮、福德宮形成三方四正，彼此牽動。
\`\`\`

#### 夫妻宮

\`\`\`
親密關係與長期承諾（夫妻宮）

【斷語】

你很看重內在感受，也容易先從情緒與氛圍感知世界，落在關係裡常變成：容易受氛圍影響，或把很多話放在心裡不說。

【想先問你】

- 你是不是常常在關係裡先顧對方的感受，才回頭問自己：那我呢？
- 你真正守的，可能不是這段關係本身，而是不要再次面對失控感。

【鏡像】

你以為自己只是在磨合，其實更深的，是容易受氛圍影響，或把很多話放在心裡不說。


【星曜結構解析】

🔹 主定調星

太陰＋天梁

太陰：代表感受、內在需求、情感與細膩觀察。

太陰在夫妻：配偶帶**媽媽／成熟女性**底色，思想**穩重顧家**，可能年長或心理年齡較成熟；**外柔內剛**，重心常放在家庭與子女照顧。

在「伴侶與合夥」與「親密關係與一對一合作」交會的地方，你很看重內在感受，也容易先從情緒與氛圍感知世界常常兌現成具體摩擦：容易受氛圍影響，或把很多話放在心裡不說。

天梁：代表保護、價值感、道德判斷與承擔。

天梁在夫妻：配偶思想**老成穩重**（或實際年紀較長），做事講**邏輯條理**；互動上**愛嘮叨、愛說教**—當覺得妳「不合邏輯」就開講。聽重點、給進度回報，比硬槓有效。

在「伴侶與合夥」與「親密關係與一對一合作」交會的地方，你很容易去照顧、保護或支撐別人，也在意事情對不對、值不值得常常兌現成具體摩擦：容易把自己放在拯救者位置，最後變成過度負責。

👉 組合起來，這兩顆主星形塑了你在「伴侶與合夥」上的主軸：你怎麼靠近、怎麼承諾，都從這裡出發。

🔹 其他星曜

文昌：代表邏輯、規劃與細節。

【這一宮的核心結構】

你的核心主軸是「你如何建立親密關係與長期承諾」，目前由太陰、天梁共同定調。

【你會怎麼做決策】

- （定調主星｜太陰）你很看重內在感受，也容易先從情緒與氛圍感知世界。
- （共軸主星｜天梁）你很容易去照顧、保護或支撐別人，也在意事情對不對、值不值得。
- 做決策時，會把重心放在「感情與現實之間的取捨方式」；其中「太陰」讓你更傾向「你很看重內在感受，也容易先從情緒與氛圍感知世界。」。

【這一宮的真實運作】

- 日常運作中，重點會落在「相處模式與衝突處理節奏」。
- 「太陰」常表現在容易受氛圍影響，或把很多話放在心裡不說。
- 「天梁」常表現在容易把自己放在拯救者位置，最後變成過度負責。

【最容易踩的坑】

- 最常見的坑，是「投射、權力失衡與情感消耗」。其中：
- 「天梁」會放大容易把自己放在拯救者位置，最後變成過度負責。

【轉個念，力就出來】

這不代表你難搞，而是你把「連結」看得比「邊界」更早出手。

挑一件你最近又在忍的點，只寫一句：「我需要被看見的是…」。


【相關牽動】

夫妻宮與遷移宮、福德宮、官祿宮形成三方四正，彼此牽動。
\`\`\`

---

### C. Stage2 — + behaviorAxisConflictV1

#### 命宮

\`\`\`
你是怎麼一路走到現在的（命宮）

【斷語】

你可講可辯，但常因心防高而保留真實想法，不輕易全盤揭露。

【想先問你】

- 你是不是常常在事情還沒明朗前，心裡就已經先預想過一輪又一輪最壞的版本？
- 你真正守的，可能不是結果本身，而是不要讓自己再次失去安全感。

【鏡像】

你以為自己只是你很在意事情到底是不是這樣，也容易從溝通、資……其實更深的，是容易把求真變成求勝，或在誤解與爭論裡消耗自己。


【星曜結構解析】

🔹 主定調星

巨門＋天機

巨門：代表觀點、溝通、辯證與理解真相。

補充一句：妳為什麼總覺得世界有陰影？因為妳天生自帶觀察與懷疑。妳的口才是武器，也是禍根。

天機：代表思考、策略、變化與判斷。

補充一句：妳為什麼停不下來？因為妳的大腦是一台超載的電腦。妳聰明、敏感，但也因為想太多而自尋煩惱。

👉 組合起來，這兩顆主星形塑了你「自我結構」的主軸：你怎麼解讀自己、怎麼對外站穩，都從這裡出發。

【這一宮的核心結構】

你的人格核心是高敏銳思考與策略反應，擅長找解法與看機會。 你的人格是高防禦與高辨識，重邏輯、重觀點、重資訊真偽。這條線，現在主要由天機、巨門帶著你走。

【你會怎麼做決策】

- （定調主星｜巨門）你習慣先質疑與求證，確認邏輯閉環後才會真正採信。
- （共軸主星｜天機）你會反覆比較方案、辯論可行性，但容易在主線未定時頻繁轉向。

【這一宮的真實運作】

- 日常運作中，重點會落在「壓力下的變化與平常維持自己的方式」。
- 「天機」常表現在容易想太多、改太快，或一直優化卻遲遲不落地。
- 「巨門」常表現在容易把求真變成求勝，或在誤解與爭論裡消耗自己。

【最容易踩的坑】

- 你最大的風險往往不是做錯判斷，而是心裡一不安，就先把自己的觸角收回——前景未必不行，只是你更不敢在沒站穩時伸手。
- 「天機」會放大容易想太多、改太快，或一直優化卻遲遲不落地。

【轉個念，力就出來】

這不代表你軟弱，而是你把「先穩住心」看得比「先出手」更優先。

挑一件你正在拖的事，只寫兩行：若不做，你怕什麼；若做了，你怕什麼。


【相關牽動】

你的「自我結構」，會直接影響你怎麼賺錢、怎麼做事，以及你在外面的發展方式。
命宮與財帛宮、官祿宮、遷移宮形成三方四正，彼此牽動。
\`\`\`

#### 福德宮

\`\`\`
你潛意識是怎麼運作的（福德宮）

【斷語】

你很在意事情做起來舒不舒服、關係穩不穩、內在安不安全，落在日常裡常變成：容易因為想維持和諧而延後面對現實，或在安穩與改變之間拉扯。

【想先問你】

- 你是不是常常在「腦內活動與能量恢復方式」還沒被你看清前，就先做出反應？
- 若把「你最在意的」跟「你其實在躲的」各寫一行，會長什麼樣子？

【鏡像】

你以為自己只是在應對眼前事，其實更深的，是容易因為想維持和諧而延後面對現實，或在安穩與改變之間拉扯。


【星曜結構解析】

🔹 主定調星

天同＋天梁

天同：代表情緒、安全感與舒適節奏。

天同在福德：內在**善良、富同情心與浪漫**。行為上易**迷糊、忘東忘西**「拉東拉西」，帶福氣感亦可帶小烏龍。若命宮主星極強勢，外在作風會壓過福德里柔軟；但仍會留一塊**心底極軟、易感動**的自留地，須命福合參。

外人看到的是你的風格，你自己更清楚反覆上場的是：容易因為想維持和諧而延後面對現實，或在安穩與改變之間拉扯；而你的起點往往來自你很在意事情做起來舒不舒服、關係穩不穩、內在安不安全。

天梁：代表保護、價值感、道德判斷與承擔。

天梁在福德：思考與做事**極講邏輯**，看不下別人做事不合邏輯就忍不住批判，因而顯得**嘮叨、愛說教**；心裡像內建監察官，宜學著把糾錯留給「可溝通的人」。

在「精神與休息」與「情緒、內在狀態與精神能量」交會的地方，你很容易去照顧、保護或支撐別人，也在意事情對不對、值不值得常常兌現成具體摩擦：容易把自己放在拯救者位置，最後變成過度負責。

👉 組合起來，這兩顆主星形塑了你在「精神與休息」上的主軸：你怎麼補給、怎麼回到自己，都從這裡出發。

【這一宮的核心結構】

你的核心主軸是「你如何休息、消化並回到自己」，目前由天同、天梁共同定調。

【你會怎麼做決策】

- 做決策時，會把重心放在「先處理情緒或先處理事情的偏好」；其中「天同」讓你更傾向「你很在意事情做起來舒不舒服、關係穩不穩、內在安不安全。」。
- 做決策時，會把重心放在「先處理情緒或先處理事情的偏好」；其中「天梁」讓你更傾向「你很容易去照顧、保護或支撐別人，也在意事情對不對、值不值得。」。
- 做決策時，會把重心放在「先處理情緒或先處理事情的偏好」；其中「天同」讓你更傾向「你很在意事情做起來舒不舒服、關係穩不穩、內在安不安全。」。 你很少只看事情本身，也會同時評估人與關係

【這一宮的真實運作】

- 日常運作中，重點會落在「腦內活動與能量恢復方式」。
- 「天同」常表現在容易因為想維持和諧而延後面對現實，或在安穩與改變之間拉扯。
- 「天梁」常表現在容易把自己放在拯救者位置，最後變成過度負責。

【最容易踩的坑】

- 最常見的坑，是「空轉、想太多與休息失效」。其中：
- 「天梁」會放大容易把自己放在拯救者位置，最後變成過度負責。

【轉個念，力就出來】

這不代表你錯，而是你在「你如何休息、消化並回到自己」裡，往往先把穩定感放在最前面。

把與「先處理情緒或先處理事情的偏好」有關的一件事，寫成一個本週可完成的最小步驟。


【相關牽動】

福德宮與夫妻宮、遷移宮、財帛宮形成三方四正，彼此牽動。
\`\`\`

#### 財帛宮

\`\`\`
金錢節奏與資源取捨（財帛宮）

【斷語】

賺得到也常繳得出、捐得起，帳上巨額堆疊感未必強；要把錢留大，需靠運勢與其他星曜補位。

【想先問你】

- 你是不是常常在帳戶數字還沒動之前，心裡就先預演過一輪「最壞會怎麼賠」？
- 你真正守的，可能不是錢本身，而是不要讓自己再次失去安全感。

【鏡像】

你以為自己只是在選擇花不花，其實更深的，是容易為了顧全局而壓抑自己，或過度依賴規則感。


【星曜結構解析】

🔹 主定調星

天相

天相：代表平衡、秩序、協調與制度感。

財運平穩，收入多來自專業技能、服務業或長期穩定的行政管理。理財傾向保守規律，不喜冒險投機。常因建立良好信用而獲得獲利機會。

在「金錢與資源」與「金錢、資源配置與投入回報」交會的地方，你很在意公平不公平、規則穩不穩、事情有沒有被安排好常常兌現成具體摩擦：容易為了顧全局而壓抑自己，或過度依賴規則感。

👉 這顆主星形塑了你在「金錢與資源」上的主軸：你怎麼進出、怎麼守成，從這裡出發。

【這一宮的核心結構】

你的核心主軸是「現金流、風險承受、進出節奏與守破財機制」，目前由天相共同定調。

【你會怎麼做決策】

- （定調主星｜天相）天相不算大財星坐庫；理財偏斯文秩序，但不自帶「暴發式聚寶盆」特質。若命宮反而是天相、財帛走天府的對照組，與「天相在財帛」的聚財手感不同。
- 天相不算大財星坐庫；理財偏斯文秩序，但不自帶「暴發式聚寶盆」特質。若命宮反而是天相、財帛走天府的對照組，與「天相在財帛」的聚財手感不同。 你很少只看事情本身，也會同時評估人與關係

【這一宮的真實運作】

- 賺得到也常繳得出、捐得起，帳上巨額堆疊感未必強；要把錢留大，需靠運勢與其他星曜補位。

【最容易踩的坑】

- 容易把穩定感變成控制感。
- 容易顧結構卻忽略感受。

【轉個念，力就出來】

這不代表你不會理財，而是你把「先穩住心」看得比「先出手」更優先。

寫下這週三筆最大支出：哪些是「必要」、哪些是「買安心」——只標記，不批判。


【相關牽動】

財帛宮與官祿宮、命宮、福德宮形成三方四正，彼此牽動。
\`\`\`

#### 夫妻宮

\`\`\`
親密關係與長期承諾（夫妻宮）

【斷語】

你很看重內在感受，也容易先從情緒與氛圍感知世界，落在關係裡常變成：容易受氛圍影響，或把很多話放在心裡不說。

【想先問你】

- 你是不是常常在關係裡先顧對方的感受，才回頭問自己：那我呢？
- 你真正守的，可能不是這段關係本身，而是不要再次面對失控感。

【鏡像】

你以為自己只是在磨合，其實更深的，是容易受氛圍影響，或把很多話放在心裡不說。


【星曜結構解析】

🔹 主定調星

太陰＋天梁

太陰：代表感受、內在需求、情感與細膩觀察。

太陰在夫妻：配偶帶**媽媽／成熟女性**底色，思想**穩重顧家**，可能年長或心理年齡較成熟；**外柔內剛**，重心常放在家庭與子女照顧。

在「伴侶與合夥」與「親密關係與一對一合作」交會的地方，你很看重內在感受，也容易先從情緒與氛圍感知世界常常兌現成具體摩擦：容易受氛圍影響，或把很多話放在心裡不說。

天梁：代表保護、價值感、道德判斷與承擔。

天梁在夫妻：配偶思想**老成穩重**（或實際年紀較長），做事講**邏輯條理**；互動上**愛嘮叨、愛說教**—當覺得妳「不合邏輯」就開講。聽重點、給進度回報，比硬槓有效。

在「伴侶與合夥」與「親密關係與一對一合作」交會的地方，你很容易去照顧、保護或支撐別人，也在意事情對不對、值不值得常常兌現成具體摩擦：容易把自己放在拯救者位置，最後變成過度負責。

👉 組合起來，這兩顆主星形塑了你在「伴侶與合夥」上的主軸：你怎麼靠近、怎麼承諾，都從這裡出發。

🔹 其他星曜

文昌：代表邏輯、規劃與細節。

【這一宮的核心結構】

你的核心主軸是「你如何建立親密關係與長期承諾」，目前由太陰、天梁共同定調。

【你會怎麼做決策】

- （定調主星｜太陰）你很看重內在感受，也容易先從情緒與氛圍感知世界。
- （共軸主星｜天梁）你很容易去照顧、保護或支撐別人，也在意事情對不對、值不值得。
- 做決策時，會把重心放在「感情與現實之間的取捨方式」；其中「太陰」讓你更傾向「你很看重內在感受，也容易先從情緒與氛圍感知世界。」。

【這一宮的真實運作】

- 日常運作中，重點會落在「相處模式與衝突處理節奏」。
- 「太陰」常表現在容易受氛圍影響，或把很多話放在心裡不說。
- 「天梁」常表現在容易把自己放在拯救者位置，最後變成過度負責。

【最容易踩的坑】

- 最常見的坑，是「投射、權力失衡與情感消耗」。其中：
- 「天梁」會放大容易把自己放在拯救者位置，最後變成過度負責。

【轉個念，力就出來】

這不代表你難搞，而是你把「連結」看得比「邊界」更早出手。

挑一件你最近又在忍的點，只寫一句：「我需要被看見的是…」。


【相關牽動】

夫妻宮與遷移宮、福德宮、官祿宮形成三方四正，彼此牽動。
\`\`\`

---

### D. Stage3 — + behaviorAxisLoopV1

#### 命宮

\`\`\`
你是怎麼一路走到現在的（命宮）

【斷語】

你可講可辯，但常因心防高而保留真實想法，不輕易全盤揭露。

【想先問你】

- 你是不是常常在事情還沒明朗前，心裡就已經先預想過一輪又一輪最壞的版本？
- 你真正守的，可能不是結果本身，而是不要讓自己再次失去安全感。

【鏡像】

你以為自己只是你很在意事情到底是不是這樣，也容易從溝通、資……其實更深的，是容易把求真變成求勝，或在誤解與爭論裡消耗自己。


【星曜結構解析】

🔹 主定調星

巨門＋天機

巨門：代表觀點、溝通、辯證與理解真相。

補充一句：妳為什麼總覺得世界有陰影？因為妳天生自帶觀察與懷疑。妳的口才是武器，也是禍根。

天機：代表思考、策略、變化與判斷。

補充一句：妳為什麼停不下來？因為妳的大腦是一台超載的電腦。妳聰明、敏感，但也因為想太多而自尋煩惱。

👉 組合起來，這兩顆主星形塑了你「自我結構」的主軸：你怎麼解讀自己、怎麼對外站穩，都從這裡出發。

【這一宮的核心結構】

你的人格核心是高敏銳思考與策略反應，擅長找解法與看機會。 你的人格是高防禦與高辨識，重邏輯、重觀點、重資訊真偽。這條線，現在主要由天機、巨門帶著你走。

【你會怎麼做決策】

- （定調主星｜巨門）你習慣先質疑與求證，確認邏輯閉環後才會真正採信。
- （共軸主星｜天機）你會反覆比較方案、辯論可行性，但容易在主線未定時頻繁轉向。

【這一宮的真實運作】

- 日常運作中，重點會落在「壓力下的變化與平常維持自己的方式」。
- 「天機」常表現在容易想太多、改太快，或一直優化卻遲遲不落地。
- 「巨門」常表現在容易把求真變成求勝，或在誤解與爭論裡消耗自己。

【最容易踩的坑】

- 你最大的風險往往不是做錯判斷，而是心裡一不安，就先把自己的觸角收回——前景未必不行，只是你更不敢在沒站穩時伸手。
- 「天機」會放大容易想太多、改太快，或一直優化卻遲遲不落地。

【轉個念，力就出來】

這不代表你軟弱，而是你把「先穩住心」看得比「先出手」更優先。

挑一件你正在拖的事，只寫兩行：若不做，你怕什麼；若做了，你怕什麼。


【相關牽動】

你的「自我結構」，會直接影響你怎麼賺錢、怎麼做事，以及你在外面的發展方式。
命宮與財帛宮、官祿宮、遷移宮形成三方四正，彼此牽動。

「一直在發生的」：所以你最後還是會回到那個「比較像你」的選擇，只是通常已經繞了一圈。
\`\`\`

#### 福德宮

\`\`\`
你潛意識是怎麼運作的（福德宮）

【斷語】

你很在意事情做起來舒不舒服、關係穩不穩、內在安不安全，落在日常裡常變成：容易因為想維持和諧而延後面對現實，或在安穩與改變之間拉扯。

【想先問你】

- 你是不是常常在「腦內活動與能量恢復方式」還沒被你看清前，就先做出反應？
- 若把「你最在意的」跟「你其實在躲的」各寫一行，會長什麼樣子？

【鏡像】

你以為自己只是在應對眼前事，其實更深的，是容易因為想維持和諧而延後面對現實，或在安穩與改變之間拉扯。


【星曜結構解析】

🔹 主定調星

天同＋天梁

天同：代表情緒、安全感與舒適節奏。

天同在福德：內在**善良、富同情心與浪漫**。行為上易**迷糊、忘東忘西**「拉東拉西」，帶福氣感亦可帶小烏龍。若命宮主星極強勢，外在作風會壓過福德里柔軟；但仍會留一塊**心底極軟、易感動**的自留地，須命福合參。

外人看到的是你的風格，你自己更清楚反覆上場的是：容易因為想維持和諧而延後面對現實，或在安穩與改變之間拉扯；而你的起點往往來自你很在意事情做起來舒不舒服、關係穩不穩、內在安不安全。

天梁：代表保護、價值感、道德判斷與承擔。

天梁在福德：思考與做事**極講邏輯**，看不下別人做事不合邏輯就忍不住批判，因而顯得**嘮叨、愛說教**；心裡像內建監察官，宜學著把糾錯留給「可溝通的人」。

在「精神與休息」與「情緒、內在狀態與精神能量」交會的地方，你很容易去照顧、保護或支撐別人，也在意事情對不對、值不值得常常兌現成具體摩擦：容易把自己放在拯救者位置，最後變成過度負責。

👉 組合起來，這兩顆主星形塑了你在「精神與休息」上的主軸：你怎麼補給、怎麼回到自己，都從這裡出發。

【這一宮的核心結構】

你的核心主軸是「你如何休息、消化並回到自己」，目前由天同、天梁共同定調。

【你會怎麼做決策】

- 做決策時，會把重心放在「先處理情緒或先處理事情的偏好」；其中「天同」讓你更傾向「你很在意事情做起來舒不舒服、關係穩不穩、內在安不安全。」。
- 做決策時，會把重心放在「先處理情緒或先處理事情的偏好」；其中「天梁」讓你更傾向「你很容易去照顧、保護或支撐別人，也在意事情對不對、值不值得。」。
- 做決策時，會把重心放在「先處理情緒或先處理事情的偏好」；其中「天同」讓你更傾向「你很在意事情做起來舒不舒服、關係穩不穩、內在安不安全。」。 你很少只看事情本身，也會同時評估人與關係

【這一宮的真實運作】

- 日常運作中，重點會落在「腦內活動與能量恢復方式」。
- 「天同」常表現在容易因為想維持和諧而延後面對現實，或在安穩與改變之間拉扯。
- 「天梁」常表現在容易把自己放在拯救者位置，最後變成過度負責。

【最容易踩的坑】

- 最常見的坑，是「空轉、想太多與休息失效」。其中：
- 「天梁」會放大容易把自己放在拯救者位置，最後變成過度負責。

【轉個念，力就出來】

這不代表你錯，而是你在「你如何休息、消化並回到自己」裡，往往先把穩定感放在最前面。

把與「先處理情緒或先處理事情的偏好」有關的一件事，寫成一個本週可完成的最小步驟。


【相關牽動】

福德宮與夫妻宮、遷移宮、財帛宮形成三方四正，彼此牽動。

「一直在發生的」：所以你會一直在「先讓自己好一點」與「事情其實還在」之間循環。
\`\`\`

#### 財帛宮

\`\`\`
金錢節奏與資源取捨（財帛宮）

【斷語】

賺得到也常繳得出、捐得起，帳上巨額堆疊感未必強；要把錢留大，需靠運勢與其他星曜補位。

【想先問你】

- 你是不是常常在帳戶數字還沒動之前，心裡就先預演過一輪「最壞會怎麼賠」？
- 你真正守的，可能不是錢本身，而是不要讓自己再次失去安全感。

【鏡像】

你以為自己只是在選擇花不花，其實更深的，是容易為了顧全局而壓抑自己，或過度依賴規則感。


【星曜結構解析】

🔹 主定調星

天相

天相：代表平衡、秩序、協調與制度感。

財運平穩，收入多來自專業技能、服務業或長期穩定的行政管理。理財傾向保守規律，不喜冒險投機。常因建立良好信用而獲得獲利機會。

在「金錢與資源」與「金錢、資源配置與投入回報」交會的地方，你很在意公平不公平、規則穩不穩、事情有沒有被安排好常常兌現成具體摩擦：容易為了顧全局而壓抑自己，或過度依賴規則感。

👉 這顆主星形塑了你在「金錢與資源」上的主軸：你怎麼進出、怎麼守成，從這裡出發。

【這一宮的核心結構】

你的核心主軸是「現金流、風險承受、進出節奏與守破財機制」，目前由天相共同定調。

【你會怎麼做決策】

- （定調主星｜天相）天相不算大財星坐庫；理財偏斯文秩序，但不自帶「暴發式聚寶盆」特質。若命宮反而是天相、財帛走天府的對照組，與「天相在財帛」的聚財手感不同。
- 天相不算大財星坐庫；理財偏斯文秩序，但不自帶「暴發式聚寶盆」特質。若命宮反而是天相、財帛走天府的對照組，與「天相在財帛」的聚財手感不同。 你很少只看事情本身，也會同時評估人與關係

【這一宮的真實運作】

- 賺得到也常繳得出、捐得起，帳上巨額堆疊感未必強；要把錢留大，需靠運勢與其他星曜補位。

【最容易踩的坑】

- 容易把穩定感變成控制感。
- 容易顧結構卻忽略感受。

【轉個念，力就出來】

這不代表你不會理財，而是你把「先穩住心」看得比「先出手」更優先。

寫下這週三筆最大支出：哪些是「必要」、哪些是「買安心」——只標記，不批判。


【相關牽動】

財帛宮與官祿宮、命宮、福德宮形成三方四正，彼此牽動。

「一直在發生的」：所以你會在「穩」與「其實可以再往前一點」之間反覆拉扯。
\`\`\`

#### 夫妻宮

\`\`\`
親密關係與長期承諾（夫妻宮）

【斷語】

你很看重內在感受，也容易先從情緒與氛圍感知世界，落在關係裡常變成：容易受氛圍影響，或把很多話放在心裡不說。

【想先問你】

- 你是不是常常在關係裡先顧對方的感受，才回頭問自己：那我呢？
- 你真正守的，可能不是這段關係本身，而是不要再次面對失控感。

【鏡像】

你以為自己只是在磨合，其實更深的，是容易受氛圍影響，或把很多話放在心裡不說。


【星曜結構解析】

🔹 主定調星

太陰＋天梁

太陰：代表感受、內在需求、情感與細膩觀察。

太陰在夫妻：配偶帶**媽媽／成熟女性**底色，思想**穩重顧家**，可能年長或心理年齡較成熟；**外柔內剛**，重心常放在家庭與子女照顧。

在「伴侶與合夥」與「親密關係與一對一合作」交會的地方，你很看重內在感受，也容易先從情緒與氛圍感知世界常常兌現成具體摩擦：容易受氛圍影響，或把很多話放在心裡不說。

天梁：代表保護、價值感、道德判斷與承擔。

天梁在夫妻：配偶思想**老成穩重**（或實際年紀較長），做事講**邏輯條理**；互動上**愛嘮叨、愛說教**—當覺得妳「不合邏輯」就開講。聽重點、給進度回報，比硬槓有效。

在「伴侶與合夥」與「親密關係與一對一合作」交會的地方，你很容易去照顧、保護或支撐別人，也在意事情對不對、值不值得常常兌現成具體摩擦：容易把自己放在拯救者位置，最後變成過度負責。

👉 組合起來，這兩顆主星形塑了你在「伴侶與合夥」上的主軸：你怎麼靠近、怎麼承諾，都從這裡出發。

🔹 其他星曜

文昌：代表邏輯、規劃與細節。

【這一宮的核心結構】

你的核心主軸是「你如何建立親密關係與長期承諾」，目前由太陰、天梁共同定調。

【你會怎麼做決策】

- （定調主星｜太陰）你很看重內在感受，也容易先從情緒與氛圍感知世界。
- （共軸主星｜天梁）你很容易去照顧、保護或支撐別人，也在意事情對不對、值不值得。
- 做決策時，會把重心放在「感情與現實之間的取捨方式」；其中「太陰」讓你更傾向「你很看重內在感受，也容易先從情緒與氛圍感知世界。」。

【這一宮的真實運作】

- 日常運作中，重點會落在「相處模式與衝突處理節奏」。
- 「太陰」常表現在容易受氛圍影響，或把很多話放在心裡不說。
- 「天梁」常表現在容易把自己放在拯救者位置，最後變成過度負責。

【最容易踩的坑】

- 最常見的坑，是「投射、權力失衡與情感消耗」。其中：
- 「天梁」會放大容易把自己放在拯救者位置，最後變成過度負責。

【轉個念，力就出來】

這不代表你難搞，而是你把「連結」看得比「邊界」更早出手。

挑一件你最近又在忍的點，只寫一句：「我需要被看見的是…」。


【相關牽動】

夫妻宮與遷移宮、福德宮、官祿宮形成三方四正，彼此牽動。

「一直在發生的」：所以很多話你其實知道要說，但會拖到關係撐不住才說出口。
\`\`\`

"
`;
