// Vitest Snapshot v1, https://vitest.dev/guide/snapshot.html

exports[`S22／S23 narrative snapshots（canonical chart） > formatStructureLinesForTechnical 1`] = `
"━━━━━━━━━━━━━━━━
【財福線】賺錢與享受是否一致
「你不是沒錢，是沒有感覺」（參考：財帛宮 1／5　福德宮 1／5　綜合約 1.0／5　落差 0.0　｜ 整體底子偏薄）

你的問題不是沒錢，

 而是「該做的都做了，但沒有感覺」。

你容易一直在做事情，但內心沒有感到回饋，久了會不知道自己在為什麼努力。

（人格參考：財帛宮偏「策略型」——你習慣想策略，但盤面支撐還薄時，容易停在「想清楚了再說」，行動被延後。）

給你的建議：先求「最小可運作的系統」，再談放大；別只靠意志力硬撐。

長期對策：儘快建立讓自己「做完有感」的回饋機制，而不是繼續做更多。

━━━━━━━━━━━━━━━━
【子田線】資源與資產庫存的結構
「你不是沒收入，是留不住」（參考：子女宮 1／5　田宅宮 1／5　綜合約 1.0／5　落差 0.0　｜ 整體底子偏薄）

你的問題不是沒進帳，

 而是「有進有出，卻很難留住你要的那份踏實感」。

錢常常來了又去，心裡少了「留下來」的踏實感，年底一回頭會覺得白忙一場。

（人格參考：子女宮偏「保守型」——你其實想穩，但現實面還沒形成「可複製的穩」，所以會反覆試、反覆縮。）

給你的建議：先求「最小可運作的規則」，再談放大；別只靠意志力硬撐。

長期對策：把「存／留」變成自動流程（入帳先轉一筆），而不是靠當下克制。

━━━━━━━━━━━━━━━━
【官夫線】事業角色與關係結構的平衡
「你不是不努力，是沒有結構」（參考：官祿宮 1／5　夫妻宮 1／5　綜合約 1.0／5　落差 0.0　｜ 整體底子偏薄）

你的問題不是不夠拼，

 而是「角色與邊界沒有系統，力氣散在拉扯裡」。

工作與關係互相踩線時，你會同時累在兩邊，卻說不清誰該先收斂。

（人格參考：官祿宮偏「衝動型」——容易先衝再做，能量較低時，會變成「做得多、得的少；動很快、收很慢」，長此以往事後補洞很累。）

給你的建議：先求「最小可運作的系統」，再談放大；別只靠意志力硬撐。

長期對策：用制度寫清邊界與分工，再談感情或衝刺。"
`;

exports[`S22／S23 narrative snapshots（canonical chart） > formatTransformationFlowsForTechnical 1`] = `
"━━━━━━━━━━━━━━━━
【事業 → 收入】能力與變現是否成比例
「你不是不夠拼，是變現的程度，和你付出的努力不成正比」
（參考：官祿宮 → 財帛宮　轉化參考值約 50%　｜ 努力與成果比例常對不起來）

你在「官祿宮 → 財帛宮」不是沒做事，

 而是「做了，但變現對不上力氣」。

這跟你自己的特性有關——你帶一點「衝動型」傾向：容易先衝再做，能量較低時，會變成「做得多、得的少；動很快、收很慢」，長此以往事後補洞很累。

久了你會覺得：忙得有存在感，但帳上或心裡的「收成」不成比例。

給你的建議：優化方法與定價，而不是只加時數；先砍掉低價無「留住」的案源。

━━━━━━━━━━━━━━━━
【現金 → 資產】錢能否轉成可留存的根基
「你不是賺不到錢，是留不住」
（參考：財帛宮 → 田宅宮　轉化參考值約 0%　｜ 投入難變成看得見的結果）

你在「財帛宮 → 田宅宮」不是沒錢流過，

 而是「幾乎堆不成你要的根基」。

這跟你自己的特性有關——你帶一點「策略型」傾向：你習慣想策略，但盤面支撐還薄時，容易停在「想清楚了再說」，行動被延後。

再拚也只是同一個模式空轉，需要先換路，而不是微調。

給你的建議：從最小額強制儲蓄／定期定額開始，重建看得見的堆疊。

━━━━━━━━━━━━━━━━
【內在 → 機會】心態與外緣承接
「你不是沒想法，是機會接不上手」
（參考：福德宮 → 遷移宮　轉化參考值約 68%　｜ 努力與成果比例常對不起來）

你在「福德宮 → 遷移宮」不是沒盤算，

 而是「想得多、出手節奏對不上外頭時機」。

這跟你自己的特性有關——你帶一點「保守型」傾向：你其實想穩，但現實面還沒形成「可複製的穩」，所以會反覆試、反覆縮。

久了你會覺得：腦內劇本很滿，但外在世界回應很慢。

給你的建議：把「想」變成一週三次、每次二十分鐘的小行動。"
`;
